STATUS frame=1 registered=19 rejected=0 dropped=0 pending=0 failed=nil handler_error=nil
STATUS frame=1580 registered=19 rejected=0 dropped=0 pending=1 failed=nil handler_error=nil frame_control=545
STATUS frame=2180 registered=19 rejected=0 dropped=0 pending=1 failed=nil handler_error=nil frame_control=1102
SHADOW t=1 frame=2359 kind=faint key= address=151645906 callback_address=151645906 cpsr=63 mode=thumb raw_r15=151645908 sp=50363796 thumb=1
SHADOW t=2 frame=2496 kind=battle_end key= address=134306768 callback_address=134306768 cpsr=-2147483585 mode=thumb raw_r15=134306770 sp=50363904 thumb=1
STATUS frame=1246 registered=19 rejected=0 dropped=0 pending=1 failed=nil handler_error=nil frame_control=1659
STATUS frame=1846 registered=19 rejected=0 dropped=0 pending=1 failed=nil handler_error=nil frame_control=2204
SHADOW t=3 frame=2359 kind=faint key= address=151645906 callback_address=151645906 cpsr=63 mode=thumb raw_r15=151645908 sp=50363796 thumb=1
STATUS frame=2446 registered=19 rejected=0 dropped=0 pending=1 failed=nil handler_error=nil frame_control=2745
SHADOW t=4 frame=2496 kind=battle_end key= address=134306768 callback_address=134306768 cpsr=-2147483585 mode=thumb raw_r15=134306770 sp=50363904 thumb=1
SHADOW t=5 frame=2711 kind=battle_begin key= address=134282652 callback_address=134282652 cpsr=536870975 mode=thumb raw_r15=134282654 sp=50363932 thumb=1
STATUS frame=3046 registered=19 rejected=0 dropped=0 pending=1 failed=nil handler_error=nil frame_control=3315
STATUS frame=3646 registered=19 rejected=0 dropped=0 pending=1 failed=nil handler_error=nil frame_control=3855
STATUS frame=4246 registered=19 rejected=0 dropped=0 pending=1 failed=nil handler_error=nil frame_control=4424
SHADOW t=6 frame=4440 kind=faint key= address=151645906 callback_address=151645906 cpsr=63 mode=thumb raw_r15=151645908 sp=50363796 thumb=1
SHADOW t=7 frame=4799 kind=battle_end key= address=134306768 callback_address=134306768 cpsr=-2147483585 mode=thumb raw_r15=134306770 sp=50363904 thumb=1
STATUS frame=4846 registered=19 rejected=0 dropped=0 pending=1 failed=nil handler_error=nil frame_control=4978
SHADOW t=8 frame=5014 kind=battle_begin key= address=134282652 callback_address=134282652 cpsr=536870975 mode=thumb raw_r15=134282654 sp=50363932 thumb=1
STATUS frame=5446 registered=19 rejected=0 dropped=0 pending=1 failed=nil handler_error=nil frame_control=5533
STATUS frame=6046 registered=19 rejected=0 dropped=0 pending=1 failed=nil handler_error=nil frame_control=6076
SHADOW t=9 frame=6329 kind=faint key= address=151645906 callback_address=151645906 cpsr=63 mode=thumb raw_r15=151645908 sp=50363796 thumb=1
SHADOW t=10 frame=6469 kind=battle_end key= address=134306768 callback_address=134306768 cpsr=-2147483585 mode=thumb raw_r15=134306770 sp=50363904 thumb=1
STATUS frame=6646 registered=19 rejected=0 dropped=0 pending=1 failed=nil handler_error=nil frame_control=6642
SHADOW t=11 frame=6788 kind=battle_begin key= address=134282652 callback_address=134282652 cpsr=536870975 mode=thumb raw_r15=134282654 sp=50363932 thumb=1
STATUS frame=7246 registered=19 rejected=0 dropped=0 pending=1 failed=nil handler_error=nil frame_control=7197
STATUS frame=7846 registered=19 rejected=0 dropped=0 pending=1 failed=nil handler_error=nil frame_control=7743
SHADOW t=12 frame=7877 kind=faint key= address=151645906 callback_address=151645906 cpsr=63 mode=thumb raw_r15=151645908 sp=50363796 thumb=1
SHADOW t=13 frame=8007 kind=battle_end key= address=134306768 callback_address=134306768 cpsr=1610612799 mode=thumb raw_r15=134306770 sp=50363904 thumb=1
SHADOW t=14 frame=8242 kind=battle_begin key= address=134282652 callback_address=134282652 cpsr=536870975 mode=thumb raw_r15=134282654 sp=50363932 thumb=1
STATUS frame=8446 registered=19 rejected=0 dropped=0 pending=1 failed=nil handler_error=nil frame_control=8312
STATUS frame=9046 registered=19 rejected=0 dropped=0 pending=1 failed=nil handler_error=nil frame_control=8852
SHADOW t=15 frame=9556 kind=faint key= address=151645906 callback_address=151645906 cpsr=63 mode=thumb raw_r15=151645908 sp=50363796 thumb=1
STATUS frame=9646 registered=19 rejected=0 dropped=0 pending=1 failed=nil handler_error=nil frame_control=9402
SHADOW t=16 frame=9719 kind=battle_end key= address=134306768 callback_address=134306768 cpsr=1610612799 mode=thumb raw_r15=134306770 sp=50363904 thumb=1
SHADOW t=17 frame=9846 kind=whiteout key= address=134571774 callback_address=134571774 cpsr=1073741887 mode=thumb raw_r15=134571776 sp=50363924 thumb=1
STATUS frame=1522 registered=19 rejected=0 dropped=0 pending=1 failed=nil handler_error=nil frame_control=9945
STATUS frame=2122 registered=19 rejected=0 dropped=0 pending=1 failed=nil handler_error=nil frame_control=10534
STATUS frame=2722 registered=19 rejected=0 dropped=0 pending=1 failed=nil handler_error=nil frame_control=11108
SHADOW t=18 frame=2739 kind=mon_given key= address=151508992 callback_address=151508992 cpsr=63 mode=thumb raw_r15=151508994 sp=50363820 thumb=1
SHADOW t=19 frame=2739 kind=capture_wild key= address=151510408 callback_address=151510408 cpsr=63 mode=thumb raw_r15=151510410 sp=50363836 thumb=1
SHADOW t=20 frame=2783 kind=battle_end key= address=134306768 callback_address=134306768 cpsr=-2147483585 mode=thumb raw_r15=134306770 sp=50363904 thumb=1
SHADOW t=21 frame=883 kind=map_load key= address=134571896 callback_address=134571896 cpsr=-2147483585 mode=thumb raw_r15=134571898 sp=50363928 thumb=1
STATUS frame=1988 registered=19 rejected=0 dropped=0 pending=1 failed=nil handler_error=nil frame_control=11655
STATUS frame=2588 registered=19 rejected=0 dropped=0 pending=1 failed=nil handler_error=nil frame_control=12240
STATUS frame=3188 registered=19 rejected=0 dropped=0 pending=1 failed=nil handler_error=nil frame_control=12822
